
> frontend@0.1.0 build
> next build

node.exe : ΓÜá Warning: Next.js inferred your 
workspace root, but it may not be correct.
At line:1 char:1
+ & "C:\Program Files\nodejs/node.exe" 
"C:\Program Files\nodejs/node_mo ...
+ ~~~~~~~~~~~~~~~~~~~~~~~~~~~~~~~~~~~~~~~~~~~~~
~~~~~~~~~~~~~~~~~~~~~~~~
    + CategoryInfo          : NotSpecified: (Γ 
   Üá Warning: Ne...not be correct.:String) [  
  ], RemoteException
    + FullyQualifiedErrorId : NativeCommandErr 
   or
 
 We detected multiple lockfiles and selected 
the directory of C:\Users\HomePC\Documents\Eazy
ride\package-lock.json as the root directory.
 To silence this warning, set `turbopack.root` 
in your Next.js config, or consider removing 
one of the lockfiles if it's not needed.
   See https://nextjs.org/docs/app/api-referenc
e/config/next-config-js/turbopack#root-director
y for more information.
 Detected additional lockfiles: 
   * C:\Users\HomePC\Documents\Eazyride\fronten
d\package-lock.json

Γû▓ Next.js 16.2.1 (Turbopack)
- Environments: .env.local

  Creating an optimized production build ...

> Build error occurred
Error: Turbopack build failed with 1 errors:
./frontend/src/components/ui/LiveMap.tsx:3:1
Module not found: Can't resolve 'react-map-gl'
  [90m1 |[0m [32m'use client'[0m;
  [90m2 |[0m [36mimport[0m { useEffect, 
useRef } [36mfrom[0m [32m'react'[0m;
[31m[1m>[0m [90m3 |[0m [36mimport[0m 
[33mMap[0m, { [33mMarker[0m, 
[33mSource[0m, [33mLayer[0m, 
[33mMapRef[0m } [36mfrom[0m 
[32m'react-map-gl'[0m;
  [90m  |[0m [31m[1m^^^^^^^^^^^^^^^^^^^^^^^
^^^^^^^^^^^^^^^^^^^^^^^^^^^^^^^^^^^^^^^^^^^[0m
  [90m4 |[0m [36mimport[0m 
[32m'mapbox-gl/dist/mapbox-gl.css'[0m;
  [90m5 |[0m
  [90m6 |[0m [36mconst[0m 
[33mMBOX_TOKEN[0m = 
process.env.[33mNEXT_PUBLIC_MAPBOX_TOKEN[0m;



Import trace:
  Client Component Browser:
    ./frontend/src/components/ui/LiveMap.tsx 
[Client Component Browser]
    ./frontend/src/app/rider/page.tsx [Client 
Component Browser]
    ./frontend/src/app/rider/page.tsx [Server 
Component]

https://nextjs.org/docs/messages/module-not-fou
nd


    at <unknown> 
(./frontend/src/components/ui/LiveMap.tsx:3:1)
    at <unknown> (https://nextjs.org/docs/messa
ges/module-not-found)
